
  [DEBUG]   Imported: o
rg.apache.maven.classre
alm < plexus.core
  [DEBUG]   Imported: 
org.apache.maven.cli < 
plexus.core
  [DEBUG]   Imported: o
rg.apache.maven.configu
ration < plexus.core
> [DEBUG]   Imported: o
rg.apache.maven.excepti
on < plexus.core
  [DEBUG]   Imported: o
rg.apache.maven.executi
on < plexus.core
  [DEBUG]   Imported: o
rg.apache.maven.executi
on.scope < plexus.core
  [DEBUG]   Imported: 
org.apache.maven.graph 
< plexus.core
  [DEBUG]   Imported: o
rg.codehaus.plexus.pers
onality < plexus.core
  [DEBUG]   Imported: o
rg.codehaus.plexus.util
.xml.Xpp3Dom < 
plexus.core
  [DEBUG]   Imported: o
rg.codehaus.plexus.util
.xml.pull.XmlPullParser
 < plexus.core
> [DEBUG]   Imported: o
rg.codehaus.plexus.util
.xml.pull.XmlPullParser
Exception < plexus.core
  [DEBUG]   Imported: o
rg.codehaus.plexus.util
.xml.pull.XmlSerializer
 < plexus.core
  [DEBUG]   Imported: 
org.eclipse.aether.* < 
plexus.core
  [DEBUG]   Imported: o
rg.eclipse.aether.artif
act < plexus.core
  [DEBUG]   Imported: 
org.slf4j.spi.* < 
plexus.core
  [DEBUG] Populating 
class realm maven.api
  [DEBUG] Created 
adapter factory; 
available factories 
[file-lock, 
rwlock-local, 
semaphore-local, 
noop]; available name 
mappers 
[discriminating, 
file-gav, file-hgav, 
file-static, gav, 
static]
> [INFO] Error 
stacktraces are turned 
on.
  [DEBUG] Message 
scheme: color
> [DEBUG] Message 
styles: debug info 
warning error success 
failure strong mojo 
project
  [DEBUG] Reading 
global settings from C:
\Users\krish\.m2\wrappe
r\dists\apache-maven-3.
9.6\0f95e7798d182e3371f
3fee6d8202d3a56e6d71dfd
3a2402139882ef2fbe7476\
conf\settings.xml
  [DEBUG] Reading user 
settings from C:\Users\
krish\.m2\settings.xml
  [DEBUG] Reading 
global toolchains from 
C:\Users\krish\.m2\wrap
per\dists\apache-maven-
3.9.6\0f95e7798d182e337
1f3fee6d8202d3a56e6d71d
fd3a2402139882ef2fbe747
6\conf\toolchains.xml
    <enablePreview defa
ult-value="false">${mav
en.compiler.enablePrevi
ew}</enablePreview>
    <encoding default-v
alue="${project.build.s
ourceEncoding}">${encod
ing}</encoding>
    <executable>${maven
.compiler.executable}</
executable>
>   <failOnError defaul
t-value="true">${maven.
compiler.failOnError}</
failOnError>
    <failOnWarning defa
ult-value="false">${mav
en.compiler.failOnWarni
ng}</failOnWarning>
    <fileExtensions def
ault-value="class,jar"/
>
    
<forceJavacCompilerUse 
default-value="false">$
{maven.compiler.forceJa
vacCompilerUse}</forceJ
avacCompilerUse>
    <enablePreview defa
ult-value="false">${mav
en.compiler.enablePrevi
ew}</enablePreview>
    <encoding default-v
alue="${project.build.s
ourceEncoding}">${encod
ing}</encoding>
    <executable>${maven
.compiler.executable}</
executable>
>   <failOnError defaul
t-value="true">${maven.
compiler.failOnError}</
failOnError>
    <failOnWarning defa
ult-value="false">${mav
en.compiler.failOnWarni
ng}</failOnWarning>
    <fileExtensions def
ault-value="class,jar"/
>
    
<forceJavacCompilerUse 
default-value="false">$
{maven.compiler.forceJa
vacCompilerUse}</forceJ
avacCompilerUse>
  [DEBUG] env.EFC_28368
_2283032206: 1
  [DEBUG] env.EFC_28368
_2775293581: 1
  [DEBUG] env.EFC_28368
_3789132940: 1
> [DEBUG] 
env.ERROR_CODE: 0
  [DEBUG] 
env.EXEC_DIR: D:\Justic
eLinker\backend
  [DEBUG] env.FPS_BROWS
ER_APP_PROFILE_STRING: 
Internet Explorer
  [DEBUG] env.FPS_BROWS
ER_USER_PROFILE_STRING:
 Default
  [DEBUG]   (f) 
debugFileName = javac
  [DEBUG]   (f) 
enablePreview = false
  [DEBUG]   (f) 
encoding = UTF-8
> [DEBUG]   (f) 
failOnError = true
  [DEBUG]   (f) 
failOnWarning = false
  [DEBUG]   (f) 
fileExtensions = [jar, 
class]
  [DEBUG]   (f) 
forceJavacCompilerUse 
= false
  [DEBUG] env.EFC_28368
_2283032206: 1
  [DEBUG] env.EFC_28368
_2775293581: 1
  [DEBUG] env.EFC_28368
_3789132940: 1
> [DEBUG] 
env.ERROR_CODE: 0
  [DEBUG] 
env.EXEC_DIR: D:\Justic
eLinker\backend
  [DEBUG] env.FPS_BROWS
ER_APP_PROFILE_STRING: 
Internet Explorer
  [DEBUG] env.FPS_BROWS
ER_USER_PROFILE_STRING:
 Default
  [DEBUG]   (f) 
debugFileName = 
javac-test
  [DEBUG]   (f) 
enablePreview = false
  [DEBUG]   (f) 
encoding = UTF-8
> [DEBUG]   (f) 
failOnError = true
  [DEBUG]   (f) 
failOnWarning = false
  [DEBUG]   (f) 
fileExtensions = [jar, 
class]
  [DEBUG]   (f) 
forceJavacCompilerUse 
= false
  
  2026-03-03T09:37:12.0
59+05:30  INFO 8356 
--- [JusticeLinker] [  
         main] r$Initia
lizeUserDetailsManagerC
onfigurer : Global 
AuthenticationManager 
configured with 
UserDetailsService 
bean with name inMemory
UserDetailsManager
  2026-03-03T09:37:12.9
70+05:30  INFO 8356 
--- [JusticeLinker] [  
         main] o.s.b.a.
h2.H2ConsoleAutoConfigu
ration    : H2 console 
available at 
'/h2-console'. 
Database available at '
jdbc:h2:file:./data/jus
ticelinker'
> 2026-03-03T09:37:13.0
85+05:30  WARN 8356 
--- [JusticeLinker] [  
         main] ConfigSe
rvletWebServerApplicati
onContext : Exception 
encountered during 
context initialization 
- cancelling refresh 
attempt: org.springfram
ework.context.Applicati
onContextException: 
Failed to start bean 
'webServerStartStop'
  2026-03-03T09:37:13.0
89+05:30  INFO 8356 
--- [JusticeLinker] [  
         main] j.LocalC
ontainerEntityManagerFa
ctoryBean : Closing 
JPA 
EntityManagerFactory 
for persistence unit 
'default'
  2026-03-03T09:37:13.0
94+05:30  INFO 8356 
--- [JusticeLinker] [  
         main] com.zaxx
er.hikari.HikariDataSou
rce       : 
HikariPool-1 - 
Shutdown initiated...
  2026-03-03T09:37:13.0
95+05:30  INFO 8356 
--- [JusticeLinker] [  
         main] com.zaxx
er.hikari.HikariDataSou
rce       : 
HikariPool-1 - 
Shutdown completed.
  2026-03-03T09:37:13.1
17+05:30  INFO 8356 
--- [JusticeLinker] [  
         main] .s.b.a.l
.ConditionEvaluationRep
ortLogger : 
  
> Error starting 
ApplicationContext. To 
display the condition 
evaluation report 
re-run your 
application with 
'debug' enabled.
> 2026-03-03T09:37:13.1
48+05:30 ERROR 8356 
--- [JusticeLinker] [  
         main] o.s.b.d.
LoggingFailureAnalysisR
eporter   : 
  
  *********************
******
  APPLICATION FAILED 
TO START
  [INFO] Total time:  
15.263 s
  [INFO] Finished at: 2
026-03-03T09:37:13+05:3
0
  [INFO] --------------
-----------------------
-----------------------
------------
> [ERROR] Failed to 
execute goal org.spring
framework.boot:spring-b
oot-maven-plugin:3.4.3:
run (default-cli) on 
project backend: 
Process terminated 
with exit code: 1 -> 
[Help 1]
> org.apache.maven.life
cycle.LifecycleExecutio
nException: Failed to 
execute goal org.spring
framework.boot:spring-b
oot-maven-plugin:3.4.3:
run (default-cli) on 
project backend: 
Process terminated 
with exit code: 1
      at org.apache.mav
en.lifecycle.internal.M
ojoExecutor.doExecute2 
(MojoExecutor.java:333)
      at org.apache.mav
en.lifecycle.internal.M
ojoExecutor.doExecute 
(MojoExecutor.java:316)
      at org.apache.mav
en.lifecycle.internal.M
ojoExecutor.execute 
(MojoExecutor.java:212)
      at org.codehaus.p
lexus.classworlds.launc
her.Launcher.launch 
(Launcher.java:226)
      at org.codehaus.p
lexus.classworlds.launc
her.Launcher.mainWithEx
itCode 
(Launcher.java:407)
      at org.codehaus.p
lexus.classworlds.launc
her.Launcher.main 
(Launcher.java:348)
> Caused by: org.apache
.maven.plugin.MojoExecu
tionException: Process 
terminated with exit 
code: 1
      at org.springfram
ework.boot.maven.JavaPr
ocessExecutor.run (Java
ProcessExecutor.java:74
)
      at org.springfram
ework.boot.maven.RunMoj
o.run (RunMojo.java:76)
      at org.springfram
ework.boot.maven.Abstra
ctRunMojo.run (Abstract
RunMojo.java:251)
      at org.codehaus.p
lexus.classworlds.launc
her.Launcher.launch 
(Launcher.java:226)
      at org.codehaus.p
lexus.classworlds.launc
her.Launcher.mainWithEx
itCode 
(Launcher.java:407)
      at org.codehaus.p
lexus.classworlds.launc
her.Launcher.main 
(Launcher.java:348)
> [ERROR] 
> [ERROR] 
> [ERROR] For more 
information about the 
errors and possible 
solutions, please read 
the following articles:
> [ERROR] [Help 1] http
://cwiki.apache.org/con
fluence/display/MAVEN/M
ojoExecutionException
  [DEBUG] Shutting 
down adapter factory; 
available factories 
[file-lock, 
rwlock-local, 
semaphore-local, 
noop]; available name 
mappers 
[discriminating, 
file-gav, file-hgav, 
file-static, gav, 
static]
  [DEBUG] Shutting 
down 'file-lock' 
factory
  [DEBUG] Shutting 
down 'rwlock-local' 
factory


